#-----------------------------------------------------------
# Webtalk v2020.1 (64-bit)
# SW Build 2902540 on Wed May 27 19:54:49 MDT 2020
# IP Build 2902112 on Wed May 27 22:43:36 MDT 2020
# Start of session at: Tue Mar 31 11:09:02 2026
# Process ID: 98308
# Current directory: C:/Users/fs09911/Desktop/CA-Labs/Project/Project_Verilog/Project_Verilog.sim/sim_1/behav/xsim
# Command line: wbtcv.exe -mode batch -source C:/Users/fs09911/Desktop/CA-Labs/Project/Project_Verilog/Project_Verilog.sim/sim_1/behav/xsim/xsim.dir/tb_TopLevelProcessor_behav/webtalk/xsim_webtalk.tcl -notrace
# Log file: C:/Users/fs09911/Desktop/CA-Labs/Project/Project_Verilog/Project_Verilog.sim/sim_1/behav/xsim/webtalk.log
# Journal file: C:/Users/fs09911/Desktop/CA-Labs/Project/Project_Verilog/Project_Verilog.sim/sim_1/behav/xsim\webtalk.jou
#-----------------------------------------------------------
source C:/Users/fs09911/Desktop/CA-Labs/Project/Project_Verilog/Project_Verilog.sim/sim_1/behav/xsim/xsim.dir/tb_TopLevelProcessor_behav/webtalk/xsim_webtalk.tcl -notrace
